// Jest Snapshot v1, https://goo.gl/fbAQLP

exports[`Snapshot for App component. 1`] = `
Object {
  "asFragment": [Function],
  "baseElement": <body>
    <div>
      <div
        class="App"
      >
        <header
          class="App-header"
        >
          <p>
            Edit 
            <code>
              src/App.js
            </code>
             and save to reload.
          </p>
          <p>
            Learn React
          </p>
        </header>
        <div>
          <h1>
            Title Testing
          </h1>
          <img
            src="https://i.postimg.cc/fRNMZ0YV/Chat-GPT-Image-Aug-17-2025-12-55-10-AM.png"
            title="AI generated images"
          />
        </div>
        <div>
          <h1>
            We are testing Input Box.
          </h1>
          <input
            id="input"
            name="Username"
            placeholder="Enter User Name"
            type="text"
            value="Surya Pratap"
          />
        </div>
        <div>
          <h1>
            Testing onChange Events in input device.
          </h1>
          <input
            type="text"
            value=""
          />
          <button>
            Click the Button
          </button>
          <h2 />
        </div>
        <div>
          <h1>
            We are testing Describe function.
          </h1>
          <input
            id="input"
            name="Username"
            placeholder="Enter User Name"
            type="text"
            value="Surya Pratap"
          />
        </div>
      </div>
    </div>
  </body>,
  "container": <div>
    <div
      class="App"
    >
      <header
        class="App-header"
      >
        <p>
          Edit 
          <code>
            src/App.js
          </code>
           and save to reload.
        </p>
        <p>
          Learn React
        </p>
      </header>
      <div>
        <h1>
          Title Testing
        </h1>
        <img
          src="https://i.postimg.cc/fRNMZ0YV/Chat-GPT-Image-Aug-17-2025-12-55-10-AM.png"
          title="AI generated images"
        />
      </div>
      <div>
        <h1>
          We are testing Input Box.
        </h1>
        <input
          id="input"
          name="Username"
          placeholder="Enter User Name"
          type="text"
          value="Surya Pratap"
        />
      </div>
      <div>
        <h1>
          Testing onChange Events in input device.
        </h1>
        <input
          type="text"
          value=""
        />
        <button>
          Click the Button
        </button>
        <h2 />
      </div>
      <div>
        <h1>
          We are testing Describe function.
        </h1>
        <input
          id="input"
          name="Username"
          placeholder="Enter User Name"
          type="text"
          value="Surya Pratap"
        />
      </div>
    </div>
  </div>,
  "debug": [Function],
  "findAllByAltText": [Function],
  "findAllByDisplayValue": [Function],
  "findAllByLabelText": [Function],
  "findAllByPlaceholderText": [Function],
  "findAllByRole": [Function],
  "findAllByTestId": [Function],
  "findAllByText": [Function],
  "findAllByTitle": [Function],
  "findByAltText": [Function],
  "findByDisplayValue": [Function],
  "findByLabelText": [Function],
  "findByPlaceholderText": [Function],
  "findByRole": [Function],
  "findByTestId": [Function],
  "findByText": [Function],
  "findByTitle": [Function],
  "getAllByAltText": [Function],
  "getAllByDisplayValue": [Function],
  "getAllByLabelText": [Function],
  "getAllByPlaceholderText": [Function],
  "getAllByRole": [Function],
  "getAllByTestId": [Function],
  "getAllByText": [Function],
  "getAllByTitle": [Function],
  "getByAltText": [Function],
  "getByDisplayValue": [Function],
  "getByLabelText": [Function],
  "getByPlaceholderText": [Function],
  "getByRole": [Function],
  "getByTestId": [Function],
  "getByText": [Function],
  "getByTitle": [Function],
  "queryAllByAltText": [Function],
  "queryAllByDisplayValue": [Function],
  "queryAllByLabelText": [Function],
  "queryAllByPlaceholderText": [Function],
  "queryAllByRole": [Function],
  "queryAllByTestId": [Function],
  "queryAllByText": [Function],
  "queryAllByTitle": [Function],
  "queryByAltText": [Function],
  "queryByDisplayValue": [Function],
  "queryByLabelText": [Function],
  "queryByPlaceholderText": [Function],
  "queryByRole": [Function],
  "queryByTestId": [Function],
  "queryByText": [Function],
  "queryByTitle": [Function],
  "rerender": [Function],
  "unmount": [Function],
}
`;
